[2026-07-09 14:28:20][INFO] Log started: F:\AHKSCRIPT\internal\bin\..\logs\freeze\unlock_20260709_142820.log
[2026-07-09 14:28:20][INFO] Automation action: UNLOCK
[2026-07-09 14:28:20][INFO] Saved touch keyboard auto-invoke registry state. exists=1 value=1
[2026-07-09 14:28:20][INFO] Disabled touch keyboard desktop auto-invoke for this automation run.
[2026-07-09 14:28:20][INFO] Stopping touch keyboard process: TabTip.exe pid=11504 reason=automation start
[2026-07-09 14:28:20][INFO] Stopping touch keyboard process: WindowsInternal.ComposableShell.Experiences.TextInput.InputApp.exe pid=12080 reason=automation start
[2026-07-09 14:28:20][INFO] Stopping touch keyboard process: WindowsInternal.ComposableShell.Experiences.TextInput.InputApp.exe pid=1076 reason=automation start
[2026-07-09 14:28:21][INFO] Stopping touch keyboard process: WindowsInternal.ComposableShell.Experiences.TextInput.InputApp.exe pid=13636 reason=automation start
[2026-07-09 14:28:21][INFO] Waiting for window: ahk_class Chrome_WidgetWin_0 ahk_exe SeewoServiceAssistant.exe
[2026-07-09 14:28:21][INFO] Window candidate count: 0
[2026-07-09 14:28:21][INFO] Starting launcher: reason=target window not found path=C:\Program Files (x86)\Seewo\SeewoService\SeewoHugoLauncher\SeewoHugoLauncher.exe args=/runmode=launcher
[2026-07-09 14:28:22][INFO] Window candidate count: 1
[2026-07-09 14:28:22][INFO] Candidate window hwnd=0x30316 minmax=0 rect x=468 y=168 w=984 h=683 title=希沃管家
[2026-07-09 14:28:22][INFO] Selected target window hwnd=0x30316 rect x=468 y=168 w=984 h=683
[2026-07-09 14:28:23][INFO] Window rect x=468 y=168 w=984 h=683
[2026-07-09 14:28:23][INFO] Window ready delay: 2500 ms
[2026-07-09 14:28:25][INFO] Click bottom freeze tab #1 at x=960 y=810 rx=0.500000 ry=0.940000
[2026-07-09 14:28:26][INFO] Click bottom freeze tab #2 at x=960 y=810 rx=0.500000 ry=0.940000
[2026-07-09 14:28:27][INFO] Click bottom freeze tab #3 at x=960 y=810 rx=0.500000 ry=0.940000
[2026-07-09 14:28:30][INFO] Click main freeze action at x=684 y=510 rx=0.220000 ry=0.500000
[2026-07-09 14:28:31][INFO] Click password tab at x=1049 y=400 rx=0.590000 ry=0.340000
[2026-07-09 14:28:31][INFO] Stopping touch keyboard process: WindowsInternal.ComposableShell.Experiences.TextInput.InputApp.exe pid=1584 reason=before password input
[2026-07-09 14:28:32][INFO] Stopping touch keyboard process: WindowsInternal.ComposableShell.Experiences.TextInput.InputApp.exe pid=7544 reason=before password input
[2026-07-09 14:28:32][INFO] Stopping touch keyboard process: WindowsInternal.ComposableShell.Experiences.TextInput.InputApp.exe pid=10392 reason=before password input
[2026-07-09 14:28:32][INFO] Click password input at x=960 y=503 rx=0.500000 ry=0.490000
[2026-07-09 14:28:33][INFO] Click password input refocus at x=960 y=503 rx=0.500000 ry=0.490000
[2026-07-09 14:28:34][INFO] Password was entered by text input. length=13
[2026-07-09 14:28:34][INFO] Stopping touch keyboard process: TabTip.exe pid=11940 reason=after password input
[2026-07-09 14:28:34][INFO] Stopping touch keyboard process: WindowsInternal.ComposableShell.Experiences.TextInput.InputApp.exe pid=13212 reason=after password input
[2026-07-09 14:28:34][INFO] Stopping touch keyboard process: WindowsInternal.ComposableShell.Experiences.TextInput.InputApp.exe pid=14128 reason=after password input
[2026-07-09 14:28:34][INFO] Stopping touch keyboard process: WindowsInternal.ComposableShell.Experiences.TextInput.InputApp.exe pid=14312 reason=after password input
[2026-07-09 14:28:35][INFO] Stopping touch keyboard process: WindowsInternal.ComposableShell.Experiences.TextInput.InputApp.exe pid=2520 reason=before password next
[2026-07-09 14:28:35][INFO] Stopping touch keyboard process: WindowsInternal.ComposableShell.Experiences.TextInput.InputApp.exe pid=12000 reason=before password next
[2026-07-09 14:28:36][INFO] Stopping touch keyboard process: WindowsInternal.ComposableShell.Experiences.TextInput.InputApp.exe pid=14112 reason=before password next
[2026-07-09 14:28:36][INFO] Click password next at x=960 y=605 rx=0.500000 ry=0.640000
[2026-07-09 14:28:38][INFO] Target drives: C
[2026-07-09 14:28:38][INFO] Click drive C at x=675 y=346 rx=0.210000 ry=0.260000
[2026-07-09 14:28:39][INFO] Click unfreeze button at x=1058 y=680 rx=0.600000 ry=0.750000
[2026-07-09 14:28:40][INFO] Click confirm ok at x=1068 y=612 rx=0.610000 ry=0.650000
[2026-07-09 14:28:42][INFO] Restored touch keyboard desktop auto-invoke to value=1. reason=before restart step
[2026-07-09 14:28:42][INFO] AutoRestart is disabled.
[2026-07-09 14:28:42][OK] Automation flow completed.
